sku	NMNM30113	
The SKU 'NMNM30113' is already used by another product (ID: 94215). SKUs must be unique.
Show all row data
sku	NMNM12605	
The SKU 'NMNM12605' is already used by another product (ID: 94296). SKUs must be unique.
sku	NMNM28007	
The SKU 'NMNM28007' is already used by another product (ID: 94298). SKUs must be unique.
sku	NMNM12506	
The SKU 'NMNM12506' is already used by another product (ID: 94301). SKUs must be unique.
sku	NMNM12321	
The SKU 'NMNM12321' is already used by another product (ID: 94307). SKUs must be unique.
sku	NMNM27082	
The SKU 'NMNM27082' is already used by another product (ID: 94161). SKUs must be unique.
sku	NMNM80044	
The SKU 'NMNM80044' is already used by another product (ID: 94164). SKUs must be unique.
sku	NMNM5495	
The SKU 'NMNM5495' is already used by another product (ID: 94173). SKUs must be unique.
sku	NMNM23012	
The SKU 'NMNM23012' is already used by another product (ID: 94174). SKUs must be unique.
sku	NMNM20098	
The SKU 'NMNM20098' is already used by another product (ID: 94175). SKUs must be unique.
sku	NMNM30210	
The SKU 'NMNM30210' is already used by another product (ID: 94181). SKUs must be unique.
sku	NMNM60016	
The SKU 'NMNM60016' is already used by another product (ID: 94190). SKUs must be unique.
sku	NMNM60009	
The SKU 'NMNM60009' is already used by another product (ID: 94194). SKUs must be unique.
sku	NMNM28011	
The SKU 'NMNM28011' is already used by another product (ID: 94198). SKUs must be unique.
sku	NMNM25210	
The SKU 'NMNM25210' is already used by another product (ID: 94202). SKUs must be unique.
sku	NMNM30210	
The SKU 'NMNM30210' is already used by another product (ID: 94181). SKUs must be unique.
sku	NMNM25090	
The SKU 'NMNM25090' is already used by another product (ID: 94204). SKUs must be unique.
sku	NMNM61013	
The SKU 'NMNM61013' is already used by another product (ID: 94230). SKUs must be unique.
sku	NMNM60009	
The SKU 'NMNM60009' is already used by another product (ID: 94194). SKUs must be unique.
sku	NMNM60016	
The SKU 'NMNM60016' is already used by another product (ID: 94190). SKUs must be unique.
sku	NMNM80008	
The SKU 'NMNM80008' is already used by another product (ID: 94207). SKUs must be unique.
sku	NMNM80003	
The SKU 'NMNM80003' is already used by another product (ID: 94196). SKUs must be unique.
sku	NMNM26050	
The SKU 'NMNM26050' is already used by another product (ID: 94209). SKUs must be unique.
sku	NMNM27056	
The SKU 'NMNM27056' is already used by another product (ID: 94210). SKUs must be unique.
sku	NMNM27073	
The SKU 'NMNM27073' is already used by another product (ID: 94189). SKUs must be unique.
sku	NMNM80012	
The SKU 'NMNM80012' is already used by another product (ID: 94247). SKUs must be unique.
sku	NMNM25096	
The SKU 'NMNM25096' is already used by another product (ID: 94214). SKUs must be unique.
sku	NMNM30112	
The SKU 'NMNM30112' is already used by another product (ID: 94216). SKUs must be unique.
sku	NMNM20410	
The SKU 'NMNM20410' is already used by another product (ID: 94221). SKUs must be unique.
sku	NMNM20403	
The SKU 'NMNM20403' is already used by another product (ID: 94222). SKUs must be unique.
sku	NMNM20402	
The SKU 'NMNM20402' is already used by another product (ID: 94223). SKUs must be unique.
sku	NMNM60011	
The SKU 'NMNM60011' is already used by another product (ID: 94233). SKUs must be unique.
sku	NMNM27072	
The SKU 'NMNM27072' is already used by another product (ID: 94213). SKUs must be unique.
sku	NMNM80080	
The SKU 'NMNM80080' is already used by another product (ID: 94239). SKUs must be unique.
sku	NMNM80076	
The SKU 'NMNM80076' is already used by another product (ID: 94244). SKUs must be unique.
sku	NMNM80075	
The SKU 'NMNM80075' is already used by another product (ID: 94245). SKUs must be unique.
sku	NMNM80012	
The SKU 'NMNM80012' is already used by another product (ID: 94247). SKUs must be unique.
sku	NMNM80009	
The SKU 'NMNM80009' is already used by another product (ID: 94249). SKUs must be unique.
sku	NMNM80007	
The SKU 'NMNM80007' is already used by another product (ID: 94251). SKUs must be unique.
sku	NMNM80000	
The SKU 'NMNM80000' is already used by another product (ID: 94254). SKUs must be unique.
sku	NMNM28200	
The SKU 'NMNM28200' is already used by another product (ID: 94259). SKUs must be unique.
sku	NMNM12319	
The SKU 'NMNM12319' is already used by another product (ID: 94267). SKUs must be unique.
sku	NMNM20082	
The SKU 'NMNM20082' is already used by another product (ID: 94271). SKUs must be unique.
sku	NMNM20081	
The SKU 'NMNM20081' is already used by another product (ID: 94272). SKUs must be unique.
sku	NMNM20095	
The SKU 'NMNM20095' is already used by another product (ID: 94274). SKUs must be unique.
sku	NMNM20093	
The SKU 'NMNM20093' is already used by another product (ID: 94276). SKUs must be unique.
sku	NMNM20401	
The SKU 'NMNM20401' is already used by another product (ID: 94277). SKUs must be unique.
sku	NMNM12603	
The SKU 'NMNM12603' is already used by another product (ID: 94303). SKUs must be unique.
sku	NMNM28005	
The SKU 'NMNM28005' is already used by another product (ID: 94305). SKUs must be unique.
sku	NMNM12402	
The SKU 'NMNM12402' is already used by another product (ID: 94313). SKUs must be unique.
sku	NMNM12313	
The SKU 'NMNM12313' is already used by another product (ID: 94315). SKUs must be unique.
sku	NMNM12312	
The SKU 'NMNM12312' is already used by another product (ID: 94316). SKUs must be unique.
sku	NMNM12208	
The SKU 'NMNM12208' is already used by another product (ID: 94318). SKUs must be unique.
sku	NMNM50001	
The SKU 'NMNM50001' is already used by another product (ID: 94320). SKUs must be unique.
sku	NMNM28004	
The SKU 'NMNM28004' is already used by another product (ID: 94321). SKUs must be unique.
sku	NMNM28800	
The SKU 'NMNM28800' is already used by another product (ID: 94322). SKUs must be unique.
sku	NMNM25252	
The SKU 'NMNM25252' is already used by another product (ID: 94323). SKUs must be unique.
sku	NMNM25251	
The SKU 'NMNM25251' is already used by another product (ID: 94324). SKUs must be unique.
sku	NMNM25209	
The SKU 'NMNM25209' is already used by another product (ID: 94325). SKUs must be unique.
sku	NMNM25208	
The SKU 'NMNM25208' is already used by another product (ID: 94326). SKUs must be unique.
sku	NMNM25207	
The SKU 'NMNM25207' is already used by another product (ID: 94327). SKUs must be unique.
sku	NMNM25212	
The SKU 'NMNM25212' is already used by another product (ID: 94328). SKUs must be unique.
sku	NMNM25224	
The SKU 'NMNM25224' is already used by another product (ID: 94329). SKUs must be unique.
sku	NMNM25222	
The SKU 'NMNM25222' is already used by another product (ID: 94330). SKUs must be unique.
sku	NMNM25221	
The SKU 'NMNM25221' is already used by another product (ID: 94331). SKUs must be unique.
sku	NMNM25205	
The SKU 'NMNM25205' is already used by another product (ID: 94332). SKUs must be unique.
sku	NMNM25203	
The SKU 'NMNM25203' is already used by another product (ID: 94333). SKUs must be unique.
sku	NMNM30150	
The SKU 'NMNM30150' is already used by another product (ID: 94334). SKUs must be unique.
sku	NMNM30251	
The SKU 'NMNM30251' is already used by another product (ID: 94335). SKUs must be unique.
sku	NMNM30231	
The SKU 'NMNM30231' is already used by another product (ID: 94336). SKUs must be unique.
sku	NMNM30217	
The SKU 'NMNM30217' is already used by another product (ID: 94337). SKUs must be unique.
sku	NMNM30218	
The SKU 'NMNM30218' is already used by another product (ID: 94338). SKUs must be unique.
sku	NMNM30219	
The SKU 'NMNM30219' is already used by another product (ID: 94339). SKUs must be unique.
sku	NMNM30211	
The SKU 'NMNM30211' is already used by another product (ID: 94340). SKUs must be unique.
sku	NMNM30215	
The SKU 'NMNM30215' is already used by another product (ID: 94341). SKUs must be unique.
sku	NMNM25091	
The SKU 'NMNM25091' is already used by another product (ID: 94342). SKUs must be unique.
sku	NMNM25614	
The SKU 'NMNM25614' is already used by another product (ID: 94343). SKUs must be unique.
sku	NMNM25613	
The SKU 'NMNM25613' is already used by another product (ID: 94344). SKUs must be unique.
sku	NMNM25006	
The SKU 'NMNM25006' is already used by another product (ID: 94345). SKUs must be unique.
sku	NMNM25005	
The SKU 'NMNM25005' is already used by another product (ID: 94346). SKUs must be unique.
sku	NMNM25504	
The SKU 'NMNM25504' is already used by another product (ID: 94347). SKUs must be unique.
sku	NMNM25004	
The SKU 'NMNM25004' is already used by another product (ID: 94348). SKUs must be unique.
sku	NMNM25003	
The SKU 'NMNM25003' is already used by another product (ID: 94349). SKUs must be unique.
sku	NMNM25002	
The SKU 'NMNM25002' is already used by another product (ID: 94350). SKUs must be unique.
sku	NMNM25014	
The SKU 'NMNM25014' is already used by another product (ID: 94351). SKUs must be unique.
sku	NMNM25013	
The SKU 'NMNM25013' is already used by another product (ID: 94352). SKUs must be unique.
sku	NMNM25011	
The SKU 'NMNM25011' is already used by another product (ID: 94353). SKUs must be unique.
sku	NMNM25010	
The SKU 'NMNM25010' is already used by another product (ID: 94354). SKUs must be unique.
sku	NMNM25009	
The SKU 'NMNM25009' is already used by another product (ID: 94355). SKUs must be unique.
sku	NMNM25008	
The SKU 'NMNM25008' is already used by another product (ID: 94356). SKUs must be unique.
sku	NMNM30511	
The SKU 'NMNM30511' is already used by another product (ID: 94357). SKUs must be unique.
sku	NMNM30506	
The SKU 'NMNM30506' is already used by another product (ID: 94358). SKUs must be unique.
sku	NMNM30505	
The SKU 'NMNM30505' is already used by another product (ID: 94359). SKUs must be unique.
sku	NMNM30504	
The SKU 'NMNM30504' is already used by another product (ID: 94360). SKUs must be unique.
sku	NMNM30503	
The SKU 'NMNM30503' is already used by another product (ID: 94361). SKUs must be unique.
sku	NMNM30501	
The SKU 'NMNM30501' is already used by another product (ID: 94362). SKUs must be unique.
sku	NMNM30103	
The SKU 'NMNM30103' is already used by another product (ID: 94182). SKUs must be unique.
sku	NMNM30105	
The SKU 'NMNM30105' is already used by another product (ID: 94364). SKUs must be unique.
sku	NMNM30114	
The SKU 'NMNM30114' is already used by another product (ID: 94365). SKUs must be unique.
sku	NMNM30125	
The SKU 'NMNM30125' is already used by another product (ID: 94366). SKUs must be unique.
sku	NMNM30130	
The SKU 'NMNM30130' is already used by another product (ID: 94367). SKUs must be unique.
sku	NMNM30120	
The SKU 'NMNM30120' is already used by another product (ID: 94368). SKUs must be unique.
sku	NMNM30109	
The SKU 'NMNM30109' is already used by another product (ID: 94369). SKUs must be unique.
sku	NMNM30108	
The SKU 'NMNM30108' is already used by another product (ID: 94370). SKUs must be unique.
sku	NMNM30107	
The SKU 'NMNM30107' is already used by another product (ID: 94371). SKUs must be unique.
sku	NMNM30143	
The SKU 'NMNM30143' is already used by another product (ID: 94372). SKUs must be unique.
sku	NMNM30142	
The SKU 'NMNM30142' is already used by another product (ID: 94373). SKUs must be unique.
sku	NMNM30141	
The SKU 'NMNM30141' is already used by another product (ID: 94374). SKUs must be unique.
sku	NMNM30115	
The SKU 'NMNM30115' is already used by another product (ID: 94375). SKUs must be unique.
sku	NMNM30117	
The SKU 'NMNM30117' is already used by another product (ID: 94376). SKUs must be unique.
sku	NMNM30126	
The SKU 'NMNM30126' is already used by another product (ID: 94377). SKUs must be unique.
sku	NMNM30116	
The SKU 'NMNM30116' is already used by another product (ID: 94378). SKUs must be unique.
sku	NMNM28333	
The SKU 'NMNM28333' is already used by another product (ID: 94379). SKUs must be unique.
sku	NMNM28332	
The SKU 'NMNM28332' is already used by another product (ID: 94380). SKUs must be unique.
sku	NMNM28307	
The SKU 'NMNM28307' is already used by another product (ID: 94381). SKUs must be unique.
sku	NMNM28302	
The SKU 'NMNM28302' is already used by another product (ID: 94184). SKUs must be unique.
sku	NMNM28301	
The SKU 'NMNM28301' is already used by another product (ID: 94383). SKUs must be unique.
sku	NMNM28304	
The SKU 'NMNM28304' is already used by another product (ID: 94384). SKUs must be unique.
sku	NMNM28303	
The SKU 'NMNM28303' is already used by another product (ID: 94385). SKUs must be unique.
sku	NMNM28306	
The SKU 'NMNM28306' is already used by another product (ID: 94386). SKUs must be unique.
sku	NMNM28002	
The SKU 'NMNM28002' is already used by another product (ID: 94387). SKUs must be unique.
sku	NMNM28320	
The SKU 'NMNM28320' is already used by another product (ID: 94388). SKUs must be unique.
sku	NMNM28003	
The SKU 'NMNM28003' is already used by another product (ID: 94389). SKUs must be unique.
sku	NMNM28006	
The SKU 'NMNM28006' is already used by another product (ID: 94390). SKUs must be unique.
sku	NMNM20112	
The SKU 'NMNM20112' is already used by another product (ID: 94391). SKUs must be unique.
sku	NMNM20111	
The SKU 'NMNM20111' is already used by another product (ID: 94392). SKUs must be unique.
sku	NMNM20110	
The SKU 'NMNM20110' is already used by another product (ID: 94393). SKUs must be unique.
sku	NMNM20102	
The SKU 'NMNM20102' is already used by another product (ID: 94394). SKUs must be unique.
sku	NMNM30209	
The SKU 'NMNM30209' is already used by another product (ID: 94395). SKUs must be unique.
sku	NMNM30214	
The SKU 'NMNM30214' is already used by another product (ID: 94396). SKUs must be unique.
sku	NMNM25096	
The SKU 'NMNM25096' is already used by another product (ID: 94214). SKUs must be unique.
sku	NMNM25095	
The SKU 'NMNM25095' is already used by another product (ID: 94191). SKUs must be unique.
sku	NMNM30112	
The SKU 'NMNM30112' is already used by another product (ID: 94216). SKUs must be unique.
sku	NMNM26009	
The SKU 'NMNM26009' is already used by another product (ID: 94217). SKUs must be unique.
sku	NMNM26057	
The SKU 'NMNM26057' is already used by another product (ID: 94218). SKUs must be unique.
sku	NMNM26056	
The SKU 'NMNM26056' is already used by another product (ID: 94219). SKUs must be unique.
sku	NMNM26055	
The SKU 'NMNM26055' is already used by another product (ID: 94192). SKUs must be unique.
sku	NMNM27083	
The SKU 'NMNM27083' is already used by another product (ID: 94193). SKUs must be unique.
sku	NMNM20435	
The SKU 'NMNM20435' is already used by another product (ID: 94224). SKUs must be unique.
sku	NMNM26026	
The SKU 'NMNM26026' is already used by another product (ID: 94225). SKUs must be unique.
sku	NMNM60004	
The SKU 'NMNM60004' is already used by another product (ID: 94408). SKUs must be unique.
sku	NMNM60003	
The SKU 'NMNM60003' is already used by another product (ID: 94228). SKUs must be unique.
sku	NMNM61014	
The SKU 'NMNM61014' is already used by another product (ID: 94229). SKUs must be unique.
sku	NMNM61005	
The SKU 'NMNM61005' is already used by another product (ID: 94231). SKUs must be unique.
sku	NMNM61004	
The SKU 'NMNM61004' is already used by another product (ID: 94232). SKUs must be unique.
sku	NMNM60011	
The SKU 'NMNM60011' is already used by another product (ID: 94233). SKUs must be unique.
sku	NMNM60010	
The SKU 'NMNM60010' is already used by another product (ID: 94234). SKUs must be unique.
sku	NMNM60015	
The SKU 'NMNM60015' is already used by another product (ID: 94237). SKUs must be unique.
sku	NMNM60002	
The SKU 'NMNM60002' is already used by another product (ID: 94195). SKUs must be unique.
sku	NMNMH80025-Case36	
The SKU 'NMNMH80025-Case36' is already used by another product (ID: 94417). SKUs must be unique.
sku	NMNM80015	
The SKU 'NMNM80015' is already used by another product (ID: 94243). SKUs must be unique.
sku	NMNM80065	
The SKU 'NMNM80065' is already used by another product (ID: 94246). SKUs must be unique.
sku	NMNM80011	
The SKU 'NMNM80011' is already used by another product (ID: 94248). SKUs must be unique.
sku	NMNM80009	
The SKU 'NMNM80009' is already used by another product (ID: 94249). SKUs must be unique.
sku	NMNM80005	
The SKU 'NMNM80005' is already used by another product (ID: 94423). SKUs must be unique.
sku	NMNM80004	
The SKU 'NMNM80004' is already used by another product (ID: 94252). SKUs must be unique.
sku	NMNM80002	
The SKU 'NMNM80002' is already used by another product (ID: 94197). SKUs must be unique.
sku	NMNM26002	
The SKU 'NMNM26002' is already used by another product (ID: 94426). SKUs must be unique.
sku	NMNM26001	
The SKU 'NMNM26001' is already used by another product (ID: 94427). SKUs must be unique.
sku	NMNM26036	
The SKU 'NMNM26036' is already used by another product (ID: 94263). SKUs must be unique.
sku	NMNM26011	
The SKU 'NMNM26011' is already used by another product (ID: 94264). SKUs must be unique.
sku	NMNM27139	
The SKU 'NMNM27139' is already used by another product (ID: 94430). SKUs must be unique.
sku	NMNM27034	
The SKU 'NMNM27034' is already used by another product (ID: 94431). SKUs must be unique.
sku	NMNM27018	
The SKU 'NMNM27018' is already used by another product (ID: 94432). SKUs must be unique.
sku	NMNM27129	
The SKU 'NMNM27129' is already used by another product (ID: 94433). SKUs must be unique.
sku	NMNM27033	
The SKU 'NMNM27033' is already used by another product (ID: 94434). SKUs must be unique.
sku	NMNM27100	
The SKU 'NMNM27100' is already used by another product (ID: 94435). SKUs must be unique.
sku	NMNM27054	
The SKU 'NMNM27054' is already used by another product (ID: 94185). SKUs must be unique.
sku	NMNM27053	
The SKU 'NMNM27053' is already used by another product (ID: 94160). SKUs must be unique.
sku	NMNM27051	
The SKU 'NMNM27051' is already used by another product (ID: 94186). SKUs must be unique.
sku	NMNM12507	
The SKU 'NMNM12507' is already used by another product (ID: 94439). SKUs must be unique.
sku	NMNM28009	
The SKU 'NMNM28009' is already used by another product (ID: 94297). SKUs must be unique.
sku	NMNM12504	
The SKU 'NMNM12504' is already used by another product (ID: 94300). SKUs must be unique.
sku	NMNM12602	
The SKU 'NMNM12602' is already used by another product (ID: 94302). SKUs must be unique.
sku	NMNM12603	
The SKU 'NMNM12603' is already used by another product (ID: 94303). SKUs must be unique.
sku	NMNM12502	
The SKU 'NMNM12502' is already used by another product (ID: 94306). SKUs must be unique.
sku	NMNM12319	
The SKU 'NMNM12319' is already used by another product (ID: 94267). SKUs must be unique.
sku	NMNM20084	
The SKU 'NMNM20084' is already used by another product (ID: 94269). SKUs must be unique.
sku	NMNM20083	
The SKU 'NMNM20083' is already used by another product (ID: 94270). SKUs must be unique.
sku	NMNM20081	
The SKU 'NMNM20081' is already used by another product (ID: 94272). SKUs must be unique.
sku	NMNM20096	
The SKU 'NMNM20096' is already used by another product (ID: 94199). SKUs must be unique.
sku	NMNM20096	
The SKU 'NMNM20096' is already used by another product (ID: 94199). SKUs must be unique.
sku	NMNM20096	
The SKU 'NMNM20096' is already used by another product (ID: 94199). SKUs must be unique.
sku	NMNM20095	
The SKU 'NMNM20095' is already used by another product (ID: 94274). SKUs must be unique.
sku	NMNM20095	
The SKU 'NMNM20095' is already used by another product (ID: 94274). SKUs must be unique.
sku	NMNM20095	
The SKU 'NMNM20095' is already used by another product (ID: 94274). SKUs must be unique.
sku	NMNM20094	
The SKU 'NMNM20094' is already used by another product (ID: 94275). SKUs must be unique.
sku	NMNM20094	
The SKU 'NMNM20094' is already used by another product (ID: 94275). SKUs must be unique.
sku	NMNM20094	
The SKU 'NMNM20094' is already used by another product (ID: 94275). SKUs must be unique.
sku	NMNM20093	
The SKU 'NMNM20093' is already used by another product (ID: 94276). SKUs must be unique.
sku	NMNM20093	
The SKU 'NMNM20093' is already used by another product (ID: 94276). SKUs must be unique.
sku	NMNM20093	
The SKU 'NMNM20093' is already used by another product (ID: 94276). SKUs must be unique.
sku	NMNM20092	
The SKU 'NMNM20092' is already used by another product (ID: 94462). SKUs must be unique.
sku	NMNM20092	
The SKU 'NMNM20092' is already used by another product (ID: 94462). SKUs must be unique.
sku	NMNM20092	
The SKU 'NMNM20092' is already used by another product (ID: 94462). SKUs must be unique.
sku	NMNM20009	
The SKU 'NMNM20009' is already used by another product (ID: 94278). SKUs must be unique.
sku	NMNM20011	
The SKU 'NMNM20011' is already used by another product (ID: 94280). SKUs must be unique.
sku	NMNM20050	
The SKU 'NMNM20050' is already used by another product (ID: 94281). SKUs must be unique.
sku	NMNM20025	
The SKU 'NMNM20025' is already used by another product (ID: 94282). SKUs must be unique.
sku	NMNM20019	
The SKU 'NMNM20019' is already used by another product (ID: 94284). SKUs must be unique.
sku	NMNM20026	
The SKU 'NMNM20026' is already used by another product (ID: 94200). SKUs must be unique.
sku	NMNM20023	
The SKU 'NMNM20023' is already used by another product (ID: 94285). SKUs must be unique.
sku	NMNM20022	
The SKU 'NMNM20022' is already used by another product (ID: 94286). SKUs must be unique.
sku	NMNM20021	
The SKU 'NMNM20021' is already used by another product (ID: 94287). SKUs must be unique.
sku	NMNM20018	
The SKU 'NMNM20018' is already used by another product (ID: 94288). SKUs must be unique.
sku	NMNM20017	
The SKU 'NMNM20017' is already used by another product (ID: 94289). SKUs must be unique.
sku	NMNM20016	
The SKU 'NMNM20016' is already used by another product (ID: 94290). SKUs must be unique.
sku	NMNM20015	
The SKU 'NMNM20015' is already used by another product (ID: 94291). SKUs must be unique.
sku	NMNM20014	
The SKU 'NMNM20014' is already used by another product (ID: 94292). SKUs must be unique.
sku	NMNM20012	
The SKU 'NMNM20012' is already used by another product (ID: 94293). SKUs must be unique.
sku	NMNM12305	
The SKU 'NMNM12305' is already used by another product (ID: 94308). SKUs must be unique.
sku	NMNM12302	
The SKU 'NMNM12302' is already used by another product (ID: 94309). SKUs must be unique.
sku	NMNM12404	
The SKU 'NMNM12404' is already used by another product (ID: 94312). SKUs must be unique.
sku	NMNM12402	
The SKU 'NMNM12402' is already used by another product (ID: 94313). SKUs must be unique.
sku	NMNM12312	
The SKU 'NMNM12312' is already used by another product (ID: 94316). SKUs must be unique.
sku	NMNM12206	
The SKU 'NMNM12206' is already used by another product (ID: 94319). SKUs must be unique.
sku	NMNM28000	
The SKU 'NMNM28000' is already used by another product (ID: 94486). SKUs must be unique.
sku	NMNM25201	
The SKU 'NMNM25201' is already used by another product (ID: 94487). SKUs must be unique.
sku	NMNM30220	
The SKU 'NMNM30220' is already used by another product (ID: 94488). SKUs must be unique.
sku	NMNM25612	
The SKU 'NMNM25612' is already used by another product (ID: 94489). SKUs must be unique.
sku	NMNM25001	
The SKU 'NMNM25001' is already used by another product (ID: 94490). SKUs must be unique.
sku	NMNM25007	
The SKU 'NMNM25007' is already used by another product (ID: 94491). SKUs must be unique.
sku	NMNM30510	
The SKU 'NMNM30510' is already used by another product (ID: 94492). SKUs must be unique.
sku	NMNM30502	
The SKU 'NMNM30502' is already used by another product (ID: 94493). SKUs must be unique.
sku	NMNM30127	
The SKU 'NMNM30127' is already used by another product (ID: 94494). SKUs must be unique.
sku	NMNM28331	
The SKU 'NMNM28331' is already used by another product (ID: 94183). SKUs must be unique.
sku	NMNM28001	
The SKU 'NMNM28001' is already used by another product (ID: 94496). SKUs must be unique.
sku	NMNM20101	
The SKU 'NMNM20101' is already used by another product (ID: 94497). SKUs must be unique.
sku	NMNM30213	
The SKU 'NMNM30213' is already used by another product (ID: 94498). SKUs must be unique.
sku	NMNM27016	
The SKU 'NMNM27016' is already used by another product (ID: 94499). SKUs must be unique.
sku	NMNM12509	
The SKU 'NMNM12509' is already used by another product (ID: 94500). SKUs must be unique.
sku	NMNM11555	
The SKU 'NMNM11555' is already used by another product (ID: 94503). SKUs must be unique.
sku	NMNM11335	
The SKU 'NMNM11335' is already used by another product (ID: 94505). SKUs must be unique.
sku	NMNM62056	
The SKU 'NMNM62056' is already used by another product (ID: 94507). SKUs must be unique.
sku	NMNM90006	
The SKU 'NMNM90006' is already used by another product (ID: 94511). SKUs must be unique.
sku	NMNM23008	
The SKU 'NMNM23008' is already used by another product (ID: 94529). SKUs must be unique.
sku	NMNM11552	
The SKU 'NMNM11552' is already used by another product (ID: 94530). SKUs must be unique.
sku	NMNM26156	
The SKU 'NMNM26156' is already used by another product (ID: 94533). SKUs must be unique.
sku	NMNM30405	
The SKU 'NMNM30405' is already used by another product (ID: 94536). SKUs must be unique.
sku	NMNM30402	
The SKU 'NMNM30402' is already used by another product (ID: 94537). SKUs must be unique.
sku	NMNM31380	
The SKU 'NMNM31380' is already used by another product (ID: 94539). SKUs must be unique.
sku	NMNM31371	
The SKU 'NMNM31371' is already used by another product (ID: 94540). SKUs must be unique.
sku	NMNM31382	
The SKU 'NMNM31382' is already used by another product (ID: 94541). SKUs must be unique.
sku	NMNM30641	
The SKU 'NMNM30641' is already used by another product (ID: 94544). SKUs must be unique.
sku	NMNM30309	
The SKU 'NMNM30309' is already used by another product (ID: 94561). SKUs must be unique.
sku	NMNM31204	
The SKU 'NMNM31204' is already used by another product (ID: 94567). SKUs must be unique.
sku	NMNM31202	
The SKU 'NMNM31202' is already used by another product (ID: 94569). SKUs must be unique.
sku	NMNM30286	
The SKU 'NMNM30286' is already used by another product (ID: 94573). SKUs must be unique.
sku	NMNM30154	
The SKU 'NMNM30154' is already used by another product (ID: 94574). SKUs must be unique.
sku	NMNM30164	
The SKU 'NMNM30164' is already used by another product (ID: 94579). SKUs must be unique.
sku	NMNM30163	
The SKU 'NMNM30163' is already used by another product (ID: 94580). SKUs must be unique.
sku	NMNM30168	
The SKU 'NMNM30168' is already used by another product (ID: 94581). SKUs must be unique.
sku	NMNM25018	
The SKU 'NMNM25018' is already used by another product (ID: 94582). SKUs must be unique.
sku	NMNM25016	
The SKU 'NMNM25016' is already used by another product (ID: 94583). SKUs must be unique.
sku	NMNM25710	
The SKU 'NMNM25710' is already used by another product (ID: 94584). SKUs must be unique.
sku	NMNM25709	
The SKU 'NMNM25709' is already used by another product (ID: 94585). SKUs must be unique.
sku	NMNM23016	
The SKU 'NMNM23016' is already used by another product (ID: 94589). SKUs must be unique.
sku	NMNM78026	
The SKU 'NMNM78026' is already used by another product (ID: 94604). SKUs must be unique.
sku	NMNM25296	
The SKU 'NMNM25296' is already used by another product (ID: 94621). SKUs must be unique.
sku	NMNM25218	
The SKU 'NMNM25218' is already used by another product (ID: 94643). SKUs must be unique.
sku	NMNM78397	
The SKU 'NMNM78397' is already used by another product (ID: 94664). SKUs must be unique.
sku	NMNM30482	
The SKU 'NMNM30482' is already used by another product (ID: 94692). SKUs must be unique.
sku	NMNM30481	
The SKU 'NMNM30481' is already used by another product (ID: 94693). SKUs must be unique.
sku	NMNM30480	
The SKU 'NMNM30480' is already used by another product (ID: 94694). SKUs must be unique.
sku	NMNM30433	
The SKU 'NMNM30433' is already used by another product (ID: 94695). SKUs must be unique.
sku	NMNM30432	
The SKU 'NMNM30432' is already used by another product (ID: 94696). SKUs must be unique.
sku	NMNM30386	
The SKU 'NMNM30386' is already used by another product (ID: 94698). SKUs must be unique.
sku	NMNM30517	
The SKU 'NMNM30517' is already used by another product (ID: 94710). SKUs must be unique.
sku	NMNM30167	
The SKU 'NMNM30167' is already used by another product (ID: 94711). SKUs must be unique.
sku	NMNM26156	
The SKU 'NMNM26156' is already used by another product (ID: 94533). SKUs must be unique.
sku	NMNM26155	
The SKU 'NMNM26155' is already used by another product (ID: 94714). SKUs must be unique.
sku	NMNM11566	
The SKU 'NMNM11566' is already used by another product (ID: 94718). SKUs must be unique.
sku	NMNM11564	
The SKU 'NMNM11564' is already used by another product (ID: 94719). SKUs must be unique.
sku	NMNM28035	
The SKU 'NMNM28035' is already used by another product (ID: 94720). SKUs must be unique.
sku	NMNM28063	
The SKU 'NMNM28063' is already used by another product (ID: 94724). SKUs must be unique.
sku	NMNM80042	
The SKU 'NMNM80042' is already used by another product (ID: 94727). SKUs must be unique.
sku	NMNM81010	
The SKU 'NMNM81010' is already used by another product (ID: 94729). SKUs must be unique.
sku	NMNM30369	
The SKU 'NMNM30369' is already used by another product (ID: 94737). SKUs must be unique.
sku	NMNM30368	
The SKU 'NMNM30368' is already used by another product (ID: 94738). SKUs must be unique.
sku	NMNM30377	
The SKU 'NMNM30377' is already used by another product (ID: 94739). SKUs must be unique.
sku	NMNM30430	
The SKU 'NMNM30430' is already used by another product (ID: 94743). SKUs must be unique.
sku	NMNM30427	
The SKU 'NMNM30427' is already used by another product (ID: 94744). SKUs must be unique.
sku	NMNM12620	
The SKU 'NMNM12620' is already used by another product (ID: 94753). SKUs must be unique.
sku	NMNM78002	
The SKU 'NMNM78002' is already used by another product (ID: 94762). SKUs must be unique.
sku	NMNM25041	
The SKU 'NMNM25041' is already used by another product (ID: 94771). SKUs must be unique.
sku	NMNM78320-	
The SKU 'NMNM78320-' is already used by another product (ID: 94790). SKUs must be unique.
sku	NMNM78320-B	
The SKU 'NMNM78320-B' is already used by another product (ID: 94791). SKUs must be unique.
sku	NMNM78320-G	
The SKU 'NMNM78320-G' is already used by another product (ID: 94792). SKUs must be unique.
sku	NMNM78320-Y	
The SKU 'NMNM78320-Y' is already used by another product (ID: 94793). SKUs must be unique.
sku	NMNM25229	
The SKU 'NMNM25229' is already used by another product (ID: 94798). SKUs must be unique.
sku	NMNM25204	
The SKU 'NMNM25204' is already used by another product (ID: 94801). SKUs must be unique.
sku	NMNM78281	
The SKU 'NMNM78281' is already used by another product (ID: 94818). SKUs must be unique.
sku	NMNM78280	
The SKU 'NMNM78280' is already used by another product (ID: 94819). SKUs must be unique.
sku	NMNM78154	
The SKU 'NMNM78154' is already used by another product (ID: 94820). SKUs must be unique.
sku	NMNM30335	
The SKU 'NMNM30335' is already used by another product (ID: 94833). SKUs must be unique.
sku	NMNM30334	
The SKU 'NMNM30334' is already used by another product (ID: 94834). SKUs must be unique.
sku	NMNM30332	
The SKU 'NMNM30332' is already used by another product (ID: 94835). SKUs must be unique.
sku	NMNM30331	
The SKU 'NMNM30331' is already used by another product (ID: 94836). SKUs must be unique.
sku	NMNM30371	
The SKU 'NMNM30371' is already used by another product (ID: 94842). SKUs must be unique.
sku	NMNM30307	
The SKU 'NMNM30307' is already used by another product (ID: 94844). SKUs must be unique.
sku	NMNM05298	
The SKU 'NMNM05298' is already used by another product (ID: 94845). SKUs must be unique.
sku	NMNM30239	
The SKU 'NMNM30239' is already used by another product (ID: 94848). SKUs must be unique.
sku	NMNM30237	
The SKU 'NMNM30237' is already used by another product (ID: 94849). SKUs must be unique.
sku	NMNM12331	
The SKU 'NMNM12331' is already used by another product (ID: 94866). SKUs must be unique.
sku	NMNM12330	
The SKU 'NMNM12330' is already used by another product (ID: 94867). SKUs must be unique.
sku	NMNM80021	
The SKU 'NMNM80021' is already used by another product (ID: 94877). SKUs must be unique.
sku	NMNM28085	
The SKU 'NMNM28085' is already used by another product (ID: 94881). SKUs must be unique.
sku	NMNM28082	
The SKU 'NMNM28082' is already used by another product (ID: 94882). SKUs must be unique.
sku	NMNM28080	
The SKU 'NMNM28080' is already used by another product (ID: 94883). SKUs must be unique.
sku	NMNM28012	
The SKU 'NMNM28012' is already used by another product (ID: 94884). SKUs must be unique.
sku	NMNM26048	
The SKU 'NMNM26048' is already used by another product (ID: 94887). SKUs must be unique.
sku	NMNM28055	
The SKU 'NMNM28055' is already used by another product (ID: 94888). SKUs must be unique.
sku	NMNM26124	
The SKU 'NMNM26124' is already used by another product (ID: 94891). SKUs must be unique.
sku	NMNM26123	
The SKU 'NMNM26123' is already used by another product (ID: 94894). SKUs must be unique.
sku	NMNM12430	
The SKU 'NMNM12430' is already used by another product (ID: 94898). SKUs must be unique.
sku	NMNM20070-G	
The SKU 'NMNM20070-G' is already used by another product (ID: 94904). SKUs must be unique.
sku	NMNM20070-P	
The SKU 'NMNM20070-P' is already used by another product (ID: 94906). SKUs must be unique.
sku	NMNM20070-O	
The SKU 'NMNM20070-O' is already used by another product (ID: 94907). SKUs must be unique.
sku	NMNM20070-B	
The SKU 'NMNM20070-B' is already used by another product (ID: 94908). SKUs must be unique.
sku	NMNM30355	
The SKU 'NMNM30355' is already used by another product (ID: 94912). SKUs must be unique.
sku	NMNM30353	
The SKU 'NMNM30353' is already used by another product (ID: 94913). SKUs must be unique.
sku	NMNM30352	
The SKU 'NMNM30352' is already used by another product (ID: 94914). SKUs must be unique.
sku	NMNM30351	
The SKU 'NMNM30351' is already used by another product (ID: 94915). SKUs must be unique.
sku	NMNM30346	
The SKU 'NMNM30346' is already used by another product (ID: 94916). SKUs must be unique.
sku	NMNM30345	
The SKU 'NMNM30345' is already used by another product (ID: 94917). SKUs must be unique.
sku	NMNM30344	
The SKU 'NMNM30344' is already used by another product (ID: 94918). SKUs must be unique.
sku	NMNM30342	
The SKU 'NMNM30342' is already used by another product (ID: 94919). SKUs must be unique.
sku	NMNM30341	
The SKU 'NMNM30341' is already used by another product (ID: 94920). SKUs must be unique.
sku	NMNM30321	
The SKU 'NMNM30321' is already used by another product (ID: 94921). SKUs must be unique.
sku	NMNM30320	
The SKU 'NMNM30320' is already used by another product (ID: 94922). SKUs must be unique.
sku	NMNM30306	
The SKU 'NMNM30306' is already used by another product (ID: 94924). SKUs must be unique.
sku	NMNM30305	
The SKU 'NMNM30305' is already used by another product (ID: 94925). SKUs must be unique.
sku	NMNM30304	
The SKU 'NMNM30304' is already used by another product (ID: 94926). SKUs must be unique.
sku	NMNM30303	
The SKU 'NMNM30303' is already used by another product (ID: 94927). SKUs must be unique.
sku	NMNM30360	
The SKU 'NMNM30360' is already used by another product (ID: 94929). SKUs must be unique.
sku	NMNM25341	
The SKU 'NMNM25341' is already used by another product (ID: 94943). SKUs must be unique.
sku	NMNM25246	
The SKU 'NMNM25246' is already used by another product (ID: 94948). SKUs must be unique.
sku	NMNM25285	
The SKU 'NMNM25285' is already used by another product (ID: 94949). SKUs must be unique.
sku	NMNM81005	
The SKU 'NMNM81005' is already used by another product (ID: 94951). SKUs must be unique.
sku	NMNM90001	
The SKU 'NMNM90001' is already used by another product (ID: 94968). SKUs must be unique.
sku	NMNM20098	
The SKU 'NMNM20098' is already used by another product (ID: 94175). SKUs must be unique.
sku	NMNM20098	
The SKU 'NMNM20098' is already used by another product (ID: 94175). SKUs must be unique.
sku	NMNM12317	
The SKU 'NMNM12317' is already used by another product (ID: 94971). SKUs must be unique.
sku	NMNM30270	
The SKU 'NMNM30270' is already used by another product (ID: 94973). SKUs must be unique.
sku	NMNM25225	
The SKU 'NMNM25225' is already used by another product (ID: 94975). SKUs must be unique.
sku	NMNM25243	
The SKU 'NMNM25243' is already used by another product (ID: 94977). SKUs must be unique.
sku	NMNM25250	
The SKU 'NMNM25250' is already used by another product (ID: 94979). SKUs must be unique.
sku	NMNM30238	
The SKU 'NMNM30238' is already used by another product (ID: 94985). SKUs must be unique.
sku	NMNM30206	
The SKU 'NMNM30206' is already used by another product (ID: 94989). SKUs must be unique.
sku	NMNM30205	
The SKU 'NMNM30205' is already used by another product (ID: 94990). SKUs must be unique.
sku	NMNM30256	
The SKU 'NMNM30256' is already used by another product (ID: 94992). SKUs must be unique.
sku	NMNM30254	
The SKU 'NMNM30254' is already used by another product (ID: 94994). SKUs must be unique.
sku	NMNM25713	
The SKU 'NMNM25713' is already used by another product (ID: 94996). SKUs must be unique.
sku	NMNM25712	
The SKU 'NMNM25712' is already used by another product (ID: 94997). SKUs must be unique.
sku	NMNM30516	
The SKU 'NMNM30516' is already used by another product (ID: 94999). SKUs must be unique.
sku	NMNM30515	
The SKU 'NMNM30515' is already used by another product (ID: 95000). SKUs must be unique.
sku	NMNM12310	
The SKU 'NMNM12310' is already used by another product (ID: 95009). SKUs must be unique.
sku	NMNM12309	
The SKU 'NMNM12309' is already used by another product (ID: 95010). SKUs must be unique.
sku	NMNMH80020-Case56	
The SKU 'NMNMH80020-Case56' is already used by another product (ID: 95013). SKUs must be unique.
sku	NMNM60006	
The SKU 'NMNM60006' is already used by another product (ID: 95014). SKUs must be unique.
sku	NMNM26004	
The SKU 'NMNM26004' is already used by another product (ID: 95018). SKUs must be unique.
sku	NMNM26058	
The SKU 'NMNM26058' is already used by another product (ID: 95019). SKUs must be unique.
sku	NMNM23005	
The SKU 'NMNM23005' is already used by another product (ID: 95021). SKUs must be unique.
sku	NMNM26013	
The SKU 'NMNM26013' is already used by another product (ID: 95022). SKUs must be unique.
sku	NMNM12316	
The SKU 'NMNM12316' is already used by another product (ID: 95025). SKUs must be unique.
sku	NMNM12315	
The SKU 'NMNM12315' is already used by another product (ID: 95026). SKUs must be unique.
sku	NMNM50025	
The SKU 'NMNM50025' is already used by another product (ID: 95030). SKUs must be unique.
sku	NMNM50015	
The SKU 'NMNM50015' is already used by another product (ID: 95031). SKUs must be unique.
sku	NMNM20301	
The SKU 'NMNM20301' is already used by another product (ID: 95034). SKUs must be unique.
sku	NMNM90014	
The SKU 'NMNM90014' is already used by another product (ID: 95035). SKUs must be unique.
sku	NMNM90013	
The SKU 'NMNM90013' is already used by another product (ID: 95036). SKUs must be unique.
sku	NMNM90012	
The SKU 'NMNM90012' is already used by another product (ID: 95037). SKUs must be unique.
sku	NMNM90011	
The SKU 'NMNM90011' is already used by another product (ID: 95038). SKUs must be unique.
sku	NMNM90010	
The SKU 'NMNM90010' is already used by another product (ID: 95039). SKUs must be unique.
sku	NMNM30109	
The SKU 'NMNM30109' is already used by another product (ID: 94369). SKUs must be unique.
sku	NMNM28800	
The SKU 'NMNM28800' is already used by another product (ID: 94322). SKUs must be unique.
sku	NMNM25252	
The SKU 'NMNM25252' is already used by another product (ID: 94323). SKUs must be unique.
sku	NMNM25251	
The SKU 'NMNM25251' is already used by another product (ID: 94324). SKUs must be unique.
sku	NMNM25209	
The SKU 'NMNM25209' is already used by another product (ID: 94325). SKUs must be unique.
sku	NMNM25207	
The SKU 'NMNM25207' is already used by another product (ID: 94327). SKUs must be unique.
sku	NMNM25204	
The SKU 'NMNM25204' is already used by another product (ID: 94801). SKUs must be unique.
sku	NMNM25206	
The SKU 'NMNM25206' is already used by another product (ID: 94800). SKUs must be unique.
sku	NMNM25202	
The SKU 'NMNM25202' is already used by another product (ID: 95053). SKUs must be unique.
sku	NMNM25211	
The SKU 'NMNM25211' is already used by another product (ID: 94802). SKUs must be unique.
sku	NMNM25233	
The SKU 'NMNM25233' is already used by another product (ID: 95057). SKUs must be unique.
sku	NMNM25231	
The SKU 'NMNM25231' is already used by another product (ID: 95058). SKUs must be unique.
sku	NMNM25232	
The SKU 'NMNM25232' is already used by another product (ID: 95059). SKUs must be unique.
sku	NMNM30224	
The SKU 'NMNM30224' is already used by another product (ID: 95066). SKUs must be unique.
sku	NMNM30221	
The SKU 'NMNM30221' is already used by another product (ID: 95067). SKUs must be unique.
sku	NMNM30222	
The SKU 'NMNM30222' is already used by another product (ID: 94828). SKUs must be unique.
sku	NMNM30223	
The SKU 'NMNM30223' is already used by another product (ID: 95069). SKUs must be unique.
sku	NMNM30228	
The SKU 'NMNM30228' is already used by another product (ID: 95070). SKUs must be unique.
sku	NMNM30220	
The SKU 'NMNM30220' is already used by another product (ID: 94488). SKUs must be unique.
sku	NMNM30212	
The SKU 'NMNM30212' is already used by another product (ID: 95078). SKUs must be unique.
sku	NMNM30216	
The SKU 'NMNM30216' is already used by another product (ID: 95081). SKUs must be unique.
sku	NMNM25090	
The SKU 'NMNM25090' is already used by another product (ID: 94204). SKUs must be unique.
sku	NMNM25061	
The SKU 'NMNM25061' is already used by another product (ID: 95084). SKUs must be unique.
sku	NMNM25614	
The SKU 'NMNM25614' is already used by another product (ID: 94343). SKUs must be unique.
sku	NMNM25612	
The SKU 'NMNM25612' is already used by another product (ID: 94489). SKUs must be unique.
sku	NMNM25006	
The SKU 'NMNM25006' is already used by another product (ID: 94345). SKUs must be unique.
sku	NMNM25005	
The SKU 'NMNM25005' is already used by another product (ID: 94346). SKUs must be unique.
sku	NMNM25504	
The SKU 'NMNM25504' is already used by another product (ID: 94347). SKUs must be unique.
sku	NMNM25004	
The SKU 'NMNM25004' is already used by another product (ID: 94348). SKUs must be unique.
sku	NMNM25003	
The SKU 'NMNM25003' is already used by another product (ID: 94349). SKUs must be unique.
sku	NMNM25002	
The SKU 'NMNM25002' is already used by another product (ID: 94350). SKUs must be unique.
sku	NMNM25014	
The SKU 'NMNM25014' is already used by another product (ID: 94351). SKUs must be unique.
sku	NMNM25013	
The SKU 'NMNM25013' is already used by another product (ID: 94352). SKUs must be unique.
sku	NMNM25012	
The SKU 'NMNM25012' is already used by another product (ID: 95097). SKUs must be unique.
sku	NMNM25011	
The SKU 'NMNM25011' is already used by another product (ID: 94353). SKUs must be unique.
sku	NMNM25010	
The SKU 'NMNM25010' is already used by another product (ID: 94354). SKUs must be unique.
sku	NMNM25009	
The SKU 'NMNM25009' is already used by another product (ID: 94355). SKUs must be unique.
sku	NMNM25008	
The SKU 'NMNM25008' is already used by another product (ID: 94356). SKUs must be unique.
sku	NMNM25007	
The SKU 'NMNM25007' is already used by another product (ID: 94491). SKUs must be unique.
sku	NMNM30511	
The SKU 'NMNM30511' is already used by another product (ID: 94357). SKUs must be unique.
sku	NMNM30506	
The SKU 'NMNM30506' is already used by another product (ID: 94358). SKUs must be unique.
sku	NMNM30505	
The SKU 'NMNM30505' is already used by another product (ID: 94359). SKUs must be unique.
sku	NMNM30503	
The SKU 'NMNM30503' is already used by another product (ID: 94361). SKUs must be unique.
sku	NMNM30502	
The SKU 'NMNM30502' is already used by another product (ID: 94493). SKUs must be unique.
sku	NMNM30105	
The SKU 'NMNM30105' is already used by another product (ID: 94364). SKUs must be unique.
sku	NMNM30130	
The SKU 'NMNM30130' is already used by another product (ID: 94367). SKUs must be unique.
sku	NMNM30108	
The SKU 'NMNM30108' is already used by another product (ID: 94370). SKUs must be unique.
sku	NMNM30107	
The SKU 'NMNM30107' is already used by another product (ID: 94371). SKUs must be unique.
sku	NMNM30106	
The SKU 'NMNM30106' is already used by another product (ID: 95118). SKUs must be unique.
sku	NMNM30143	
The SKU 'NMNM30143' is already used by another product (ID: 94372). SKUs must be unique.
sku	NMNM30142	
The SKU 'NMNM30142' is already used by another product (ID: 94373). SKUs must be unique.
sku	NMNM30118	
The SKU 'NMNM30118' is already used by another product (ID: 94855). SKUs must be unique.
sku	NMNM30126	
The SKU 'NMNM30126' is already used by another product (ID: 94377). SKUs must be unique.
sku	NMNM28317	
The SKU 'NMNM28317' is already used by another product (ID: 94577). SKUs must be unique.
sku	NMNM28316	
The SKU 'NMNM28316' is already used by another product (ID: 94746). SKUs must be unique.
sku	NMNM28309	
The SKU 'NMNM28309' is already used by another product (ID: 94864). SKUs must be unique.
sku	NMNM28308	
The SKU 'NMNM28308' is already used by another product (ID: 94863). SKUs must be unique.
sku	NMNM20102	
The SKU 'NMNM20102' is already used by another product (ID: 94394). SKUs must be unique.
sku	NMNM30209	
The SKU 'NMNM30209' is already used by another product (ID: 94395). SKUs must be unique.
sku	NMNM30214	
The SKU 'NMNM30214' is already used by another product (ID: 94396). SKUs must be unique.
sku	NMNM30213	
The SKU 'NMNM30213' is already used by another product (ID: 94498). SKUs must be unique.
sku	NMNM27100	
The SKU 'NMNM27100' is already used by another product (ID: 94435). SKUs must be unique.
sku	NMNM20430	
The SKU 'NMNM20430' is already used by another product (ID: 94226). SKUs must be unique.
sku	NMNM78286	
The SKU 'NMNM78286' is already used by another product (ID: 95164). SKUs must be unique.
sku	NMNM26024	
The SKU 'NMNM26024' is already used by another product (ID: 94227). SKUs must be unique.
sku	NMNM60001	
The SKU 'NMNM60001' is already used by another product (ID: 94238). SKUs must be unique.
sku	NMNM80001	
The SKU 'NMNM80001' is already used by another product (ID: 94253). SKUs must be unique.
sku	NMNM28008	
The SKU 'NMNM28008' is already used by another product (ID: 94257). SKUs must be unique.
sku	NMNM26010	
The SKU 'NMNM26010' is already used by another product (ID: 94265). SKUs must be unique.
sku	NMNM30090-Coppe-1	
The SKU 'NMNM30090-Coppe-1' is already used by another product (ID: 95170). SKUs must be unique.
sku	NMNM30090-Black-1	
The SKU 'NMNM30090-Black-1' is already used by another product (ID: 95171). SKUs must be unique.
sku	NMNM30090-Silve-1	
The SKU 'NMNM30090-Silve-1' is already used by another product (ID: 95172). SKUs must be unique.
sku	NMNM12311	
The SKU 'NMNM12311' is already used by another product (ID: 94317). SKUs must be unique.
sku	NMNM12201	
The SKU 'NMNM12201' is already used by another product (ID: 94201). SKUs must be unique.
sku	NMNM28051	
The SKU 'NMNM28051' is already used by another product (ID: 94258). SKUs must be unique.
sku	NMNM12318	
The SKU 'NMNM12318' is already used by another product (ID: 94268). SKUs must be unique.
sku	NMNM20005	
The SKU 'NMNM20005' is already used by another product (ID: 95033). SKUs must be unique.
sku	NMNM20080	
The SKU 'NMNM20080' is already used by another product (ID: 94273). SKUs must be unique.
sku	NMNM20013	
The SKU 'NMNM20013' is already used by another product (ID: 94294). SKUs must be unique.
sku	NMNM30119	
The SKU 'NMNM30119' is already used by another product (ID: 95122). SKUs must be unique.
sku	NMNM12505	
The SKU 'NMNM12505' is already used by another product (ID: 94295). SKUs must be unique.
sku	NMNM27032	
The SKU 'NMNM27032' is already used by another product (ID: 95161). SKUs must be unique.
sku	NMNM30302	
The SKU 'NMNM30302' is already used by another product (ID: 95188). SKUs must be unique.
sku	NMNM30343	
The SKU 'NMNM30343' is already used by another product (ID: 95189). SKUs must be unique.
sku	NMNM12503	
The SKU 'NMNM12503' is already used by another product (ID: 94299). SKUs must be unique.
sku	NMNM26003	
The SKU 'NMNM26003' is already used by another product (ID: 94262). SKUs must be unique.
sku	NMNM12320	
The SKU 'NMNM12320' is already used by another product (ID: 94266). SKUs must be unique.
sku	NMNM20082	
The SKU 'NMNM20082' is already used by another product (ID: 94271). SKUs must be unique.
sku	NMNM20096	
The SKU 'NMNM20096' is already used by another product (ID: 94199). SKUs must be unique.
sku	NMNM20095	
The SKU 'NMNM20095' is already used by another product (ID: 94274). SKUs must be unique.
sku	NMNM20094	
The SKU 'NMNM20094' is already used by another product (ID: 94275). SKUs must be unique.
sku	NMNM20093	
The SKU 'NMNM20093' is already used by another product (ID: 94276). SKUs must be unique.
sku	NMNM20092	
The SKU 'NMNM20092' is already used by another product (ID: 94462). SKUs must be unique.
sku	NMNM25320	
The SKU 'NMNM25320' is already used by another product (ID: 94279). SKUs must be unique.
sku	NMNM20020	
The SKU 'NMNM20020' is already used by another product (ID: 94283). SKUs must be unique.
sku	NMNM12401	
The SKU 'NMNM12401' is already used by another product (ID: 94311). SKUs must be unique.
sku	NMNM30216	
The SKU 'NMNM30216' is already used by another product (ID: 95081). SKUs must be unique.
sku	NMNM30106	
The SKU 'NMNM30106' is already used by another product (ID: 95118). SKUs must be unique.
sku	NMNM30110	
The SKU 'NMNM30110' is already used by another product (ID: 95123). SKUs must be unique.
sku	NMNM27052	
The SKU 'NMNM27052' is already used by another product (ID: 94188). SKUs must be unique.
sku	NMNM27050	
The SKU 'NMNM27050' is already used by another product (ID: 94187). SKUs must be unique.
sku	NMNM27071	
The SKU 'NMNM27071' is already used by another product (ID: 94212). SKUs must be unique.
sku	NMNM12403	
The SKU 'NMNM12403' is already used by another product (ID: 94314). SKUs must be unique.
sku	NMNM26054	
The SKU 'NMNM26054' is already used by another product (ID: 94220). SKUs must be unique.
sku	NMNM26051	
The SKU 'NMNM26051' is already used by another product (ID: 94260). SKUs must be unique.
sku	NMNM20098	
The SKU 'NMNM20098' is already used by another product (ID: 94175). SKUs must be unique.
sku	NMNM28315	
The SKU 'NMNM28315' is already used by another product (ID: 94747). SKUs must be unique.
sku	NMNM25754	
The SKU 'NMNM25754' is already used by another product (ID: 95226). SKUs must be unique.
sku	NMNM78622	
The SKU 'NMNM78622' is already used by another product (ID: 95235). SKUs must be unique.
sku	NMNM30663	
The SKU 'NMNM30663' is already used by another product (ID: 95373). SKUs must be unique.
sku	NMNM30664	
The SKU 'NMNM30664' is already used by another product (ID: 95375). SKUs must be unique.
sku	NMNM30661	
The SKU 'NMNM30661' is already used by another product (ID: 95377). SKUs must be unique.
sku	NMNM30523	
The SKU 'NMNM30523' is already used by another product (ID: 95386). SKUs must be unique.
sku	NMNM30448	
The SKU 'NMNM30448' is already used by another product (ID: 95390). SKUs must be unique.
sku	NMNM30375	
The SKU 'NMNM30375' is already used by another product (ID: 95396). SKUs must be unique.
sku	NMNM30349	
The SKU 'NMNM30349' is already used by another product (ID: 95398). SKUs must be unique.
sku	NMNM30348	
The SKU 'NMNM30348' is already used by another product (ID: 95399). SKUs must be unique.
sku	NMNM28322	
The SKU 'NMNM28322' is already used by another product (ID: 95420). SKUs must be unique.
sku	NMNM28320	
The SKU 'NMNM28320' is already used by another product (ID: 94388). SKUs must be unique.
sku	NMNM25705	
The SKU 'NMNM25705' is already used by another product (ID: 96705). SKUs must be unique.
sku	NMNM25295	
The SKU 'NMNM25295' is already used by another product (ID: 94622). SKUs must be unique.
sku	NMNM25025	
The SKU 'NMNM25025' is already used by another product (ID: 96730). SKUs must be unique.
sku	NMNM25017	
The SKU 'NMNM25017' is already used by another product (ID: 96731). SKUs must be unique.
sku	NMNM78242	
The SKU 'NMNM78242' is already used by another product (ID: 96735). SKUs must be unique.
sku	NMNM30522	
The SKU 'NMNM30522' is already used by another product (ID: 96742). SKUs must be unique.
sku	NMNM30446	
The SKU 'NMNM30446' is already used by another product (ID: 96743). SKUs must be unique.
sku	NMNM25015	
The SKU 'NMNM25015' is already used by another product (ID: 96750). SKUs must be unique.
sku	NMNM20116	
The SKU 'NMNM20116' is already used by another product (ID: 94709). SKUs must be unique.
sku	NMNM20114	
The SKU 'NMNM20114' is already used by another product (ID: 94778). SKUs must be unique.
sku	NMNM20113	
The SKU 'NMNM20113' is already used by another product (ID: 95005). SKUs must be unique.
sku	NMNM20112	
The SKU 'NMNM20112' is already used by another product (ID: 94391). SKUs must be unique.
sku	NMNM20111	
The SKU 'NMNM20111' is already used by another product (ID: 94392). SKUs must be unique.
sku	NMNM20102	
The SKU 'NMNM20102' is already used by another product (ID: 94394). SKUs must be unique.
sku	NMNM20101	
The SKU 'NMNM20101' is already used by another product (ID: 94497). SKUs must be unique.
sku	NMNM11456	
The SKU 'NMNM11456' is already used by another product (ID: 96760). SKUs must be unique.
sku	NMNM11455	
The SKU 'NMNM11455' is already used by another product (ID: 96761). SKUs must be unique.
sku	NMNM11450	
The SKU 'NMNM11450' is already used by another product (ID: 96763). SKUs must be unique.
sku	NMNM11448	
The SKU 'NMNM11448' is already used by another product (ID: 96765). SKUs must be unique.
sku	NMNM11416	
The SKU 'NMNM11416' is already used by another product (ID: 96772). SKUs must be unique.
sku	NMNM05296	
The SKU 'NMNM05296' is already used by another product (ID: 96777). SKUs must be unique.
sku	NMNM78285	
The SKU 'NMNM78285' is already used by another product (ID: 96781). SKUs must be unique.
sku	NMNM30393	
The SKU 'NMNM30393' is already used by another product (ID: 96782). SKUs must be unique.
sku	NMNM30333	
The SKU 'NMNM30333' is already used by another product (ID: 96784). SKUs must be unique.
sku	NMNM30354	
The SKU 'NMNM30354' is already used by another product (ID: 96787). SKUs must be unique.
sku	NMNM78120	
The SKU 'NMNM78120' is already used by another product (ID: 96788). SKUs must be unique.
sku	NMNM12307	
The SKU 'NMNM12307' is already used by another product (ID: 96789). SKUs must be unique.
sku	NMNM25062	
The SKU 'NMNM25062' is already used by another product (ID: 96790). SKUs must be unique.
sku	NMNM20091	
The SKU 'NMNM20091' is already used by another product (ID: 96792). SKUs must be unique.
sku	NMNM25012	
The SKU 'NMNM25012' is already used by another product (ID: 95097). SKUs must be unique.
sku	NMNM80007	
The SKU 'NMNM80007' is already used by another product (ID: 94251). SKUs must be unique.
sku	NMNM27017	
The SKU 'NMNM27017' is already used by another product (ID: 95159). SKUs must be unique.
sku	NMNM20301	
The SKU 'NMNM20301' is already used by another product (ID: 95034). SKUs must be unique.
sku	NMNM28305	
The SKU 'NMNM28305' is already used by another product (ID: 95140). SKUs must be unique.
sku	NMNM12301	
The SKU 'NMNM12301' is already used by another product (ID: 94310). SKUs must be unique.